
> test
> node tests/audit-site.mjs && node tests/audit-sitemap-canonical.mjs && node tests/audit-multilingual-consistency.mjs && node tests/audit-strict-live-remediation.mjs && node tests/audit-ecosystem-alignment.mjs && node tests/audit-seo-network.mjs && node tests/audit-family-origins.mjs && node tests/audit-about-narrative.mjs && node tests/audit-home-intro.mjs && node tests/audit-career-chronology.mjs && node tests/audit-section-intros.mjs && node tests/audit-project-summaries.mjs && node tests/audit-home-meta.mjs && node tests/audit-contact-footer.mjs && node tests/audit-domain-ecosystem.mjs

Audited 119 HTML files and 682 unique local images.
Audited 85 sitemap URLs and their canonical targets.
Audited 119 multilingual HTML files.
Strict ART audit checked 196 content files.
BANHALMI ecosystem alignment passed across 193 machine-readable and HTML files.
Collected 147 external URLs; LIVE_AUDIT=1 enables network checks.
Validated 85 sitemap URLs and 121 HTML files.
✓ canonical
✓ shared stylesheet
✓ no inline style block
✓ Cseuz–Ferenczy connection
✓ Győry László relationship
✓ no teaching claim
✓ source note
✓ structured source record
✓ publication scope
✓ accessible focus state
✓ responsive layout
✓ first-person voice
✓ defence and HIPStudio origin
✓ portrait practice
✓ domain history
✓ two-centre current system
✓ partners and continuity
✓ no grandiose mythology
✓ safe bounded replacement
✓ family roots concise link
✓ domain registration date
✓ early online ordering
✓ named documentary partners
✓ accident limited to brand transition
✓ domain sequence details
✓ Vienna company transition
✓ archive positioning
✓ geographic continuity
✓ trust-centered portrait statement
✓ not generic best-of title
✓ documentary framing
✓ no mythology language
✓ no sales-first language
✓ data-driven integration
✓ required replacement safety
✓ chronology record type
✓ 1999 origin
✓ 2006 domain date
✓ portrait school
✓ accident scope limited
✓ first personal domain
✓ English international domain
✓ Hungarian continuity
✓ art split after Covid
✓ German entry point
✓ four active domains two hubs
✓ current hub roles
✓ menu integration
✓ bounded journey replacement
✓ no grandiose mythology
✓ complete books intro
✓ complete exhibitions intro
✓ books framed as collaboration
✓ books are not secondary products
✓ exhibitions framed as chronology
✓ exhibitions preserve context
✓ human themes named
✓ no sales language
✓ no self-ranking
✓ bounded section integration
✓ editorial rules present
✓ three books
✓ complete exhibition set
✓ all entries have title and rewrite
✓ legacy pairs differ where present
✓ fact-preserving book titles
✓ all exhibition titles covered
✓ restrained tone
✓ no unsupported superlatives
✓ integration reads data
✓ idempotent replacement
✓ title-based fallback
✓ missing source fails loudly
✓ archive title
✓ description has scope
✓ not service-led
✓ og text present and concise
✓ image alt meaningful
✓ schema page aligned
✓ schema page description aligned
✓ schema gallery aligned
✓ date modified valid
✓ integration reads meta source
✓ html meta replacement
✓ schema replacement
✓ archive contact focus
✓ professional work separated
✓ two-center domain model
✓ no generic sales language
✓ footer identifies archive
✓ integration reads source
✓ contact replacement bounded
✓ footer replacement included
✓ two primary domains
✓ two language entry domains
✓ four unique active domains
✓ professional primary domain
✓ art archive primary domain
✓ Hungarian entry domain
✓ German entry domain
✓ Hungarian language role
✓ German language role
✓ German domain chronology
✓ two-centre summary
✓ schema integration
✓ footer integration
✓ idempotent integration
✓ no inactive-domain framing

> test:archive-hu
> node tests/audit-books-hu.mjs && node tests/audit-exhibition-archive-facts.mjs && node tests/audit-hu-archive-metadata.mjs && node tests/audit-hu-social-meta.mjs

Audited 3 Hungarian book pages.
Audited 20 Hungarian exhibition pages.
Audited metadata on 23 Hungarian archive pages.
Audited 23 Hungarian archive pages for social metadata.

> test:copy
> node tests/audit-human-voice.mjs

Human-voice audit: 90 content pages checked.
{
  "generatedAt": "2026-07-26T10:54:53.145Z",
  "highestRisk": [
    {
      "file": "/hu/exhibitions/teislehetsz.html",
      "words": 548,
      "score": 8.3,
      "cliches": {
        "minden": 4
      },
      "sentenceAverage": 16.1,
      "sentenceSpread": 20.5,
      "repeatedStarts": [
        [
          "minden jog fenntartva.",
          3
        ]
      ]
    },
    {
      "file": "/hu/exhibitions/szosszenetek.html",
      "words": 557,
      "score": 8.18,
      "cliches": {
        "minden": 4
      },
      "sentenceAverage": 16.8,
      "sentenceSpread": 21.3,
      "repeatedStarts": [
        [
          "minden jog fenntartva.",
          3
        ]
      ]
    },
    {
      "file": "/hu/exhibitions/anovilaga.html",
      "words": 597,
      "score": 7.7,
      "cliches": {
        "minden": 4
      },
      "sentenceAverage": 17.5,
      "sentenceSpread": 22,
      "repeatedStarts": [
        [
          "minden jog fenntartva.",
          3
        ]
      ]
    },
    {
      "file": "/hu/exhibitions/ebredes.html",
      "words": 633,
      "score": 7.32,
      "cliches": {
        "minden": 4
      },
      "sentenceAverage": 18.6,
      "sentenceSpread": 22.3,
      "repeatedStarts": [
        [
          "minden jog fenntartva.",
          3
        ]
      ]
    },
    {
      "file": "/hu/exhibitions/fotokiallitas1.html",
      "words": 579,
      "score": 6.91,
      "cliches": {
        "minden": 4
      },
      "sentenceAverage": 17,
      "sentenceSpread": 21.3,
      "repeatedStarts": []
    },
    {
      "file": "/hu/exhibitions/mas-kepp-mas.html",
      "words": 528,
      "score": 6.68,
      "cliches": {
        "minden": 3
      },
      "sentenceAverage": 17,
      "sentenceSpread": 21.7,
      "repeatedStarts": [
        [
          "minden jog fenntartva.",
          3
        ]
      ]
    },
    {
      "file": "/hu/exhibitions/femmefatale.html",
      "words": 538,
      "score": 6.58,
      "cliches": {
        "minden": 3
      },
      "sentenceAverage": 16.8,
      "sentenceSpread": 21.3,
      "repeatedStarts": [
        [
          "minden jog fenntartva.",
          3
        ]
      ]
    },
    {
      "file": "/hu/exhibitions/enano.html",
      "words": 541,
      "score": 6.55,
      "cliches": {
        "minden": 3
      },
      "sentenceAverage": 16.9,
      "sentenceSpread": 21.4,
      "repeatedStarts": [
        [
          "minden jog fenntartva.",
          3
        ]
      ]
    },
    {
      "file": "/hu/exhibitions/theframe.html",
      "words": 565,
      "score": 6.31,
      "cliches": {
        "minden": 3
      },
      "sentenceAverage": 17.6,
      "sentenceSpread": 21.5,
      "repeatedStarts": [
        [
          "minden jog fenntartva.",
          3
        ]
      ]
    },
    {
      "file": "/hu/exhibitions/themensdream.html",
      "words": 580,
      "score": 6.17,
      "cliches": {
        "minden": 3
      },
      "sentenceAverage": 17.5,
      "sentenceSpread": 22,
      "repeatedStarts": [
        [
          "minden jog fenntartva.",
          3
        ]
      ]
    },
    {
      "file": "/hu/exhibitions/avalosag.html",
      "words": 586,
      "score": 6.12,
      "cliches": {
        "minden": 3
      },
      "sentenceAverage": 17.2,
      "sentenceSpread": 21.8,
      "repeatedStarts": [
        [
          "minden jog fenntartva.",
          3
        ]
      ]
    },
    {
      "file": "/hu/exhibitions/touch-wien.html",
      "words": 595,
      "score": 6.04,
      "cliches": {
        "minden": 3
      },
      "sentenceAverage": 18.6,
      "sentenceSpread": 23,
      "repeatedStarts": [
        [
          "minden jog fenntartva.",
          3
        ]
      ]
    },
    {
      "file": "/hu/csaladi-gyokerek.html",
      "words": 206,
      "score": 5.85,
      "cliches": {
        "egyedi": 1
      },
      "sentenceAverage": 14.7,
      "sentenceSpread": 7.8,
      "repeatedStarts": []
    },
    {
      "file": "/hu/exhibitions/balerina-project-new-york.html",
      "words": 560,
      "score": 5.36,
      "cliches": {
        "minden": 3
      },
      "sentenceAverage": 16.9,
      "sentenceSpread": 21.3,
      "repeatedStarts": []
    },
    {
      "file": "/hu/exhibitions/fotokiallitas5.html",
      "words": 561,
      "score": 5.35,
      "cliches": {
        "minden": 3
      },
      "sentenceAverage": 17,
      "sentenceSpread": 20.8,
      "repeatedStarts": []
    },
    {
      "file": "/hu/404.html",
      "words": 420,
      "score": 4.76,
      "cliches": {
        "minden": 2
      },
      "sentenceAverage": 17.5,
      "sentenceSpread": 24.4,
      "repeatedStarts": []
    },
    {
      "file": "/hu/curators.html",
      "words": 1344,
      "score": 4.46,
      "cliches": {
        "nem-csak": 3,
        "egyedi": 1,
        "minden": 2
      },
      "sentenceAverage": 19.5,
      "sentenceSpread": 17.5,
      "repeatedStarts": []
    },
    {
      "file": "/hu/books/book-anovilaga.html",
      "words": 511,
      "score": 3.91,
      "cliches": {
        "minden": 2
      },
      "sentenceAverage": 18.2,
      "sentenceSpread": 22.8,
      "repeatedStarts": []
    },
    {
      "file": "/hu/books/book-szosszenetek.html",
      "words": 516,
      "score": 3.88,
      "cliches": {
        "minden": 2
      },
      "sentenceAverage": 17.8,
      "sentenceSpread": 22.3,
      "repeatedStarts": []
    },
    {
      "file": "/hu/writing.html",
      "words": 795,
      "score": 3.77,
      "cliches": {
        "minden": 3
      },
      "sentenceAverage": 22.7,
      "sentenceSpread": 33.6,
      "repeatedStarts": []
    },
    {
      "file": "/hu/books/book-ebredes.html",
      "words": 532,
      "score": 3.76,
      "cliches": {
        "minden": 2
      },
      "sentenceAverage": 17,
      "sentenceSpread": 21.4,
      "repeatedStarts": []
    },
    {
      "file": "/hu/exhibitions/fotokiallitas8.html",
      "words": 540,
      "score": 3.7,
      "cliches": {
        "minden": 2
      },
      "sentenceAverage": 16.8,
      "sentenceSpread": 21.7,
      "repeatedStarts": []
    },
    {
      "file": "/hu/exhibitions/fotokiallitas3.html",
      "words": 570,
      "score": 3.51,
      "cliches": {
        "minden": 2
      },
      "sentenceAverage": 16.7,
      "sentenceSpread": 21,
      "repeatedStarts": []
    },
    {
      "file": "/hu/exhibitions/fotokiallitas2.html",
      "words": 571,
      "score": 3.5,
      "cliches": {
        "minden": 2
      },
      "sentenceAverage": 16.8,
      "sentenceSpread": 21.2,
      "repeatedStarts": []
    },
    {
      "file": "/hu/exhibitions/fotokiallitas4.html",
      "words": 574,
      "score": 3.48,
      "cliches": {
        "minden": 2
      },
      "sentenceAverage": 16.9,
      "sentenceSpread": 20.8,
      "repeatedStarts": []
    },
    {
      "file": "/hu/exhibitions/euforia.html",
      "words": 1439,
      "score": 3.47,
      "cliches": {
        "több-mint": 1,
        "minden": 4
      },
      "sentenceAverage": 18.2,
      "sentenceSpread": 22,
      "repeatedStarts": []
    },
    {
      "file": "/books/book-anovilaga.html",
      "words": 577,
      "score": 3.47,
      "cliches": {
        "every": 2
      },
      "sentenceAverage": 18.5,
      "sentenceSpread": 24.1,
      "repeatedStarts": []
    },
    {
      "file": "/exhibitions/euforia.html",
      "words": 1671,
      "score": 3.39,
      "cliches": {
        "more-than": 1,
        "every": 3
      },
      "sentenceAverage": 20.5,
      "sentenceSpread": 23.6,
      "repeatedStarts": [
        [
          "the anatomy of",
          3
        ]
      ]
    },
    {
      "file": "/hu/exhibitions/merfoldkovek1956.html",
      "words": 599,
      "score": 3.34,
      "cliches": {
        "minden": 2
      },
      "sentenceAverage": 16.6,
      "sentenceSpread": 21.7,
      "repeatedStarts": []
    },
    {
      "file": "/hu/press.html",
      "words": 936,
      "score": 3.21,
      "cliches": {
        "több-mint": 1,
        "minden": 2
      },
      "sentenceAverage": 32.2,
      "sentenceSpread": 58.2,
      "repeatedStarts": []
    },
    {
      "file": "/hu/community.html",
      "words": 978,
      "score": 3.07,
      "cliches": {
        "minden": 3
      },
      "sentenceAverage": 22.2,
      "sentenceSpread": 25.9,
      "repeatedStarts": []
    },
    {
      "file": "/exhibitions/teislehetsz.html",
      "words": 616,
      "score": 2.62,
      "cliches": {
        "more-than": 1
      },
      "sentenceAverage": 17.1,
      "sentenceSpread": 22,
      "repeatedStarts": [
        [
          "all rights reserved.",
          3
        ]
      ]
    },
    {
      "file": "/curators.html",
      "words": 1535,
      "score": 2.61,
      "cliches": {
        "more-than": 1,
        "not-just": 1,
        "not-only": 1,
        "authentic": 1
      },
      "sentenceAverage": 21.6,
      "sentenceSpread": 19.7,
      "repeatedStarts": []
    },
    {
      "file": "/exhibitions/szosszenetek.html",
      "words": 622,
      "score": 2.61,
      "cliches": {
        "every": 1
      },
      "sentenceAverage": 17.7,
      "sentenceSpread": 22.8,
      "repeatedStarts": [
        [
          "all rights reserved.",
          3
        ]
      ]
    },
    {
      "file": "/de-at/exhibitions/themensdream.html",
      "words": 625,
      "score": 2.6,
      "cliches": {
        "authentisch": 1
      },
      "sentenceAverage": 17.8,
      "sentenceSpread": 23,
      "repeatedStarts": [
        [
          "alle rechte vorbehalten.",
          3
        ]
      ]
    },
    {
      "file": "/exhibitions/fotokiallitas1.html",
      "words": 637,
      "score": 2.57,
      "cliches": {
        "every": 1
      },
      "sentenceAverage": 17.6,
      "sentenceSpread": 22.8,
      "repeatedStarts": [
        [
          "all rights reserved.",
          3
        ]
      ]
    },
    {
      "file": "/exhibitions/themensdream.html",
      "words": 644,
      "score": 2.55,
      "cliches": {
        "authentic": 1
      },
      "sentenceAverage": 18.3,
      "sentenceSpread": 24,
      "repeatedStarts": [
        [
          "all rights reserved.",
          3
        ]
      ]
    },
    {
      "file": "/exhibitions/anovilaga.html",
      "words": 662,
      "score": 2.51,
      "cliches": {
        "every": 1
      },
      "sentenceAverage": 18.3,
      "sentenceSpread": 23.2,
      "repeatedStarts": [
        [
          "all rights reserved.",
          3
        ]
      ]
    },
    {
      "file": "/de-at/exhibitions/ebredes.html",
      "words": 672,
      "score": 2.49,
      "cliches": {
        "Mehr-als": 1
      },
      "sentenceAverage": 17.7,
      "sentenceSpread": 22.2,
      "repeatedStarts": [
        [
          "alle rechte vorbehalten.",
          3
        ]
      ]
    },
    {
      "file": "/hu/index.html",
      "words": 2844,
      "score": 2.46,
      "cliches": {
        "minden": 7
      },
      "sentenceAverage": 19.2,
      "sentenceSpread": 15.8,
      "repeatedStarts": []
    }
  ],
  "pages": [
    {
      "file": "/hu/exhibitions/teislehetsz.html",
      "words": 548,
      "score": 8.3,
      "cliches": {
        "minden": 4
      },
      "sentenceAverage": 16.1,
      "sentenceSpread": 20.5,
      "repeatedStarts": [
        [
          "minden jog fenntartva.",
          3
        ]
      ]
    },
    {
      "file": "/hu/exhibitions/szosszenetek.html",
      "words": 557,
      "score": 8.18,
      "cliches": {
        "minden": 4
      },
      "sentenceAverage": 16.8,
      "sentenceSpread": 21.3,
      "repeatedStarts": [
        [
          "minden jog fenntartva.",
          3
        ]
      ]
    },
    {
      "file": "/hu/exhibitions/anovilaga.html",
      "words": 597,
      "score": 7.7,
      "cliches": {
        "minden": 4
      },
      "sentenceAverage": 17.5,
      "sentenceSpread": 22,
      "repeatedStarts": [
        [
          "minden jog fenntartva.",
          3
        ]
      ]
    },
    {
      "file": "/hu/exhibitions/ebredes.html",
      "words": 633,
      "score": 7.32,
      "cliches": {
        "minden": 4
      },
      "sentenceAverage": 18.6,
      "sentenceSpread": 22.3,
      "repeatedStarts": [
        [
          "minden jog fenntartva.",
          3
        ]
      ]
    },
    {
      "file": "/hu/exhibitions/fotokiallitas1.html",
      "words": 579,
      "score": 6.91,
      "cliches": {
        "minden": 4
      },
      "sentenceAverage": 17,
      "sentenceSpread": 21.3,
      "repeatedStarts": []
    },
    {
      "file": "/hu/exhibitions/mas-kepp-mas.html",
      "words": 528,
      "score": 6.68,
      "cliches": {
        "minden": 3
      },
      "sentenceAverage": 17,
      "sentenceSpread": 21.7,
      "repeatedStarts": [
        [
          "minden jog fenntartva.",
          3
        ]
      ]
    },
    {
      "file": "/hu/exhibitions/femmefatale.html",
      "words": 538,
      "score": 6.58,
      "cliches": {
        "minden": 3
      },
      "sentenceAverage": 16.8,
      "sentenceSpread": 21.3,
      "repeatedStarts": [
        [
          "minden jog fenntartva.",
          3
        ]
      ]
    },
    {
      "file": "/hu/exhibitions/enano.html",
      "words": 541,
      "score": 6.55,
      "cliches": {
        "minden": 3
      },
      "sentenceAverage": 16.9,
      "sentenceSpread": 21.4,
      "repeatedStarts": [
        [
          "minden jog fenntartva.",
          3
        ]
      ]
    },
    {
      "file": "/hu/exhibitions/theframe.html",
      "words": 565,
      "score": 6.31,
      "cliches": {
        "minden": 3
      },
      "sentenceAverage": 17.6,
      "sentenceSpread": 21.5,
      "repeatedStarts": [
        [
          "minden jog fenntartva.",
          3
        ]
      ]
    },
    {
      "file": "/hu/exhibitions/themensdream.html",
      "words": 580,
      "score": 6.17,
      "cliches": {
        "minden": 3
      },
      "sentenceAverage": 17.5,
      "sentenceSpread": 22,
      "repeatedStarts": [
        [
          "minden jog fenntartva.",
          3
        ]
      ]
    },
    {
      "file": "/hu/exhibitions/avalosag.html",
      "words": 586,
      "score": 6.12,
      "cliches": {
        "minden": 3
      },
      "sentenceAverage": 17.2,
      "sentenceSpread": 21.8,
      "repeatedStarts": [
        [
          "minden jog fenntartva.",
          3
        ]
      ]
    },
    {
      "file": "/hu/exhibitions/touch-wien.html",
      "words": 595,
      "score": 6.04,
      "cliches": {
        "minden": 3
      },
      "sentenceAverage": 18.6,
      "sentenceSpread": 23,
      "repeatedStarts": [
        [
          "minden jog fenntartva.",
          3
        ]
      ]
    },
    {
      "file": "/hu/csaladi-gyokerek.html",
      "words": 206,
      "score": 5.85,
      "cliches": {
        "egyedi": 1
      },
      "sentenceAverage": 14.7,
      "sentenceSpread": 7.8,
      "repeatedStarts": []
    },
    {
      "file": "/hu/exhibitions/balerina-project-new-york.html",
      "words": 560,
      "score": 5.36,
      "cliches": {
        "minden": 3
      },
      "sentenceAverage": 16.9,
      "sentenceSpread": 21.3,
      "repeatedStarts": []
    },
    {
      "file": "/hu/exhibitions/fotokiallitas5.html",
      "words": 561,
      "score": 5.35,
      "cliches": {
        "minden": 3
      },
      "sentenceAverage": 17,
      "sentenceSpread": 20.8,
      "repeatedStarts": []
    },
    {
      "file": "/hu/404.html",
      "words": 420,
      "score": 4.76,
      "cliches": {
        "minden": 2
      },
      "sentenceAverage": 17.5,
      "sentenceSpread": 24.4,
      "repeatedStarts": []
    },
    {
      "file": "/hu/curators.html",
      "words": 1344,
      "score": 4.46,
      "cliches": {
        "nem-csak": 3,
        "egyedi": 1,
        "minden": 2
      },
      "sentenceAverage": 19.5,
      "sentenceSpread": 17.5,
      "repeatedStarts": []
    },
    {
      "file": "/hu/books/book-anovilaga.html",
      "words": 511,
      "score": 3.91,
      "cliches": {
        "minden": 2
      },
      "sentenceAverage": 18.2,
      "sentenceSpread": 22.8,
      "repeatedStarts": []
    },
    {
      "file": "/hu/books/book-szosszenetek.html",
      "words": 516,
      "score": 3.88,
      "cliches": {
        "minden": 2
      },
      "sentenceAverage": 17.8,
      "sentenceSpread": 22.3,
      "repeatedStarts": []
    },
    {
      "file": "/hu/writing.html",
      "words": 795,
      "score": 3.77,
      "cliches": {
        "minden": 3
      },
      "sentenceAverage": 22.7,
      "sentenceSpread": 33.6,
      "repeatedStarts": []
    },
    {
      "file": "/hu/books/book-ebredes.html",
      "words": 532,
      "score": 3.76,
      "cliches": {
        "minden": 2
      },
      "sentenceAverage": 17,
      "sentenceSpread": 21.4,
      "repeatedStarts": []
    },
    {
      "file": "/hu/exhibitions/fotokiallitas8.html",
      "words": 540,
      "score": 3.7,
      "cliches": {
        "minden": 2
      },
      "sentenceAverage": 16.8,
      "sentenceSpread": 21.7,
      "repeatedStarts": []
    },
    {
      "file": "/hu/exhibitions/fotokiallitas3.html",
      "words": 570,
      "score": 3.51,
      "cliches": {
        "minden": 2
      },
      "sentenceAverage": 16.7,
      "sentenceSpread": 21,
      "repeatedStarts": []
    },
    {
      "file": "/hu/exhibitions/fotokiallitas2.html",
      "words": 571,
      "score": 3.5,
      "cliches": {
        "minden": 2
      },
      "sentenceAverage": 16.8,
      "sentenceSpread": 21.2,
      "repeatedStarts": []
    },
    {
      "file": "/hu/exhibitions/fotokiallitas4.html",
      "words": 574,
      "score": 3.48,
      "cliches": {
        "minden": 2
      },
      "sentenceAverage": 16.9,
      "sentenceSpread": 20.8,
      "repeatedStarts": []
    },
    {
      "file": "/hu/exhibitions/euforia.html",
      "words": 1439,
      "score": 3.47,
      "cliches": {
        "több-mint": 1,
        "minden": 4
      },
      "sentenceAverage": 18.2,
      "sentenceSpread": 22,
      "repeatedStarts": []
    },
    {
      "file": "/books/book-anovilaga.html",
      "words": 577,
      "score": 3.47,
      "cliches": {
        "every": 2
      },
      "sentenceAverage": 18.5,
      "sentenceSpread": 24.1,
      "repeatedStarts": []
    },
    {
      "file": "/exhibitions/euforia.html",
      "words": 1671,
      "score": 3.39,
      "cliches": {
        "more-than": 1,
        "every": 3
      },
      "sentenceAverage": 20.5,
      "sentenceSpread": 23.6,
      "repeatedStarts": [
        [
          "the anatomy of",
          3
        ]
      ]
    },
    {
      "file": "/hu/exhibitions/merfoldkovek1956.html",
      "words": 599,
      "score": 3.34,
      "cliches": {
        "minden": 2
      },
      "sentenceAverage": 16.6,
      "sentenceSpread": 21.7,
      "repeatedStarts": []
    },
    {
      "file": "/hu/press.html",
      "words": 936,
      "score": 3.21,
      "cliches": {
        "több-mint": 1,
        "minden": 2
      },
      "sentenceAverage": 32.2,
      "sentenceSpread": 58.2,
      "repeatedStarts": []
    },
    {
      "file": "/hu/community.html",
      "words": 978,
      "score": 3.07,
      "cliches": {
        "minden": 3
      },
      "sentenceAverage": 22.2,
      "sentenceSpread": 25.9,
      "repeatedStarts": []
    },
    {
      "file": "/exhibitions/teislehetsz.html",
      "words": 616,
      "score": 2.62,
      "cliches": {
        "more-than": 1
      },
      "sentenceAverage": 17.1,
      "sentenceSpread": 22,
      "repeatedStarts": [
        [
          "all rights reserved.",
          3
        ]
      ]
    },
    {
      "file": "/curators.html",
      "words": 1535,
      "score": 2.61,
      "cliches": {
        "more-than": 1,
        "not-just": 1,
        "not-only": 1,
        "authentic": 1
      },
      "sentenceAverage": 21.6,
      "sentenceSpread": 19.7,
      "repeatedStarts": []
    },
    {
      "file": "/exhibitions/szosszenetek.html",
      "words": 622,
      "score": 2.61,
      "cliches": {
        "every": 1
      },
      "sentenceAverage": 17.7,
      "sentenceSpread": 22.8,
      "repeatedStarts": [
        [
          "all rights reserved.",
          3
        ]
      ]
    },
    {
      "file": "/de-at/exhibitions/themensdream.html",
      "words": 625,
      "score": 2.6,
      "cliches": {
        "authentisch": 1
      },
      "sentenceAverage": 17.8,
      "sentenceSpread": 23,
      "repeatedStarts": [
        [
          "alle rechte vorbehalten.",
          3
        ]
      ]
    },
    {
      "file": "/exhibitions/fotokiallitas1.html",
      "words": 637,
      "score": 2.57,
      "cliches": {
        "every": 1
      },
      "sentenceAverage": 17.6,
      "sentenceSpread": 22.8,
      "repeatedStarts": [
        [
          "all rights reserved.",
          3
        ]
      ]
    },
    {
      "file": "/exhibitions/themensdream.html",
      "words": 644,
      "score": 2.55,
      "cliches": {
        "authentic": 1
      },
      "sentenceAverage": 18.3,
      "sentenceSpread": 24,
      "repeatedStarts": [
        [
          "all rights reserved.",
          3
        ]
      ]
    },
    {
      "file": "/exhibitions/anovilaga.html",
      "words": 662,
      "score": 2.51,
      "cliches": {
        "every": 1
      },
      "sentenceAverage": 18.3,
      "sentenceSpread": 23.2,
      "repeatedStarts": [
        [
          "all rights reserved.",
          3
        ]
      ]
    },
    {
      "file": "/de-at/exhibitions/ebredes.html",
      "words": 672,
      "score": 2.49,
      "cliches": {
        "Mehr-als": 1
      },
      "sentenceAverage": 17.7,
      "sentenceSpread": 22.2,
      "repeatedStarts": [
        [
          "alle rechte vorbehalten.",
          3
        ]
      ]
    },
    {
      "file": "/hu/index.html",
      "words": 2844,
      "score": 2.46,
      "cliches": {
        "minden": 7
      },
      "sentenceAverage": 19.2,
      "sentenceSpread": 15.8,
      "repeatedStarts": []
    },
    {
      "file": "/exhibitions/ebredes.html",
      "words": 702,
      "score": 2.42,
      "cliches": {
        "every": 1
      },
      "sentenceAverage": 18.4,
      "sentenceSpread": 23.4,
      "repeatedStarts": [
        [
          "all rights reserved.",
          3
        ]
      ]
    },
    {
      "file": "/index.html",
      "words": 2222,
      "score": 2.25,
      "cliches": {
        "more-than": 1,
        "every": 3,
        "authentic": 1
      },
      "sentenceAverage": 25.5,
      "sentenceSpread": 25.4,
      "repeatedStarts": []
    },
    {
      "file": "/de-at/curators.html",
      "words": 1483,
      "score": 2.02,
      "cliches": {
        "nicht-nur": 2,
        "authentisch": 1
      },
      "sentenceAverage": 20.6,
      "sentenceSpread": 18.7,
      "repeatedStarts": []
    },
    {
      "file": "/community.html",
      "words": 1160,
      "score": 1.72,
      "cliches": {
        "every": 1,
        "discover": 1
      },
      "sentenceAverage": 24.1,
      "sentenceSpread": 27.5,
      "repeatedStarts": []
    },
    {
      "file": "/writing.html",
      "words": 901,
      "score": 1.11,
      "cliches": {
        "every": 1
      },
      "sentenceAverage": 24.3,
      "sentenceSpread": 35.1,
      "repeatedStarts": []
    },
    {
      "file": "/exhibitions/merfoldkovek1956.html",
      "words": 663,
      "score": 1,
      "cliches": {},
      "sentenceAverage": 17.4,
      "sentenceSpread": 23.2,
      "repeatedStarts": [
        [
          "all rights reserved.",
          3
        ]
      ]
    },
    {
      "file": "/exhibitions/touch-wien.html",
      "words": 651,
      "score": 1,
      "cliches": {},
      "sentenceAverage": 19.1,
      "sentenceSpread": 24.2,
      "repeatedStarts": [
        [
          "all rights reserved.",
          3
        ]
      ]
    },
    {
      "file": "/exhibitions/avalosag.html",
      "words": 647,
      "score": 1,
      "cliches": {},
      "sentenceAverage": 17.9,
      "sentenceSpread": 23.6,
      "repeatedStarts": [
        [
          "all rights reserved.",
          3
        ]
      ]
    },
    {
      "file": "/de-at/exhibitions/anovilaga.html",
      "words": 641,
      "score": 1,
      "cliches": {},
      "sentenceAverage": 17.3,
      "sentenceSpread": 21.5,
      "repeatedStarts": [
        [
          "alle rechte vorbehalten.",
          3
        ]
      ]
    },
    {
      "file": "/exhibitions/fotokiallitas3.html",
      "words": 639,
      "score": 1,
      "cliches": {},
      "sentenceAverage": 17.7,
      "sentenceSpread": 22.6,
      "repeatedStarts": [
        [
          "all rights reserved.",
          3
        ]
      ]
    },
    {
      "file": "/exhibitions/fotokiallitas4.html",
      "words": 636,
      "score": 1,
      "cliches": {},
      "sentenceAverage": 17.6,
      "sentenceSpread": 22.4,
      "repeatedStarts": [
        [
          "all rights reserved.",
          3
        ]
      ]
    },
    {
      "file": "/exhibitions/fotokiallitas2.html",
      "words": 629,
      "score": 1,
      "cliches": {},
      "sentenceAverage": 17.4,
      "sentenceSpread": 22.7,
      "repeatedStarts": [
        [
          "all rights reserved.",
          3
        ]
      ]
    },
    {
      "file": "/exhibitions/fotokiallitas5.html",
      "words": 628,
      "score": 1,
      "cliches": {},
      "sentenceAverage": 17.9,
      "sentenceSpread": 22.6,
      "repeatedStarts": [
        [
          "all rights reserved.",
          3
        ]
      ]
    },
    {
      "file": "/exhibitions/theframe.html",
      "words": 626,
      "score": 1,
      "cliches": {},
      "sentenceAverage": 18.4,
      "sentenceSpread": 23.1,
      "repeatedStarts": [
        [
          "all rights reserved.",
          3
        ]
      ]
    },
    {
      "file": "/de-at/exhibitions/avalosag.html",
      "words": 623,
      "score": 1,
      "cliches": {},
      "sentenceAverage": 17.3,
      "sentenceSpread": 22.5,
      "repeatedStarts": [
        [
          "alle rechte vorbehalten.",
          3
        ]
      ]
    },
    {
      "file": "/exhibitions/balerina-project-new-york.html",
      "words": 620,
      "score": 1,
      "cliches": {},
      "sentenceAverage": 17.7,
      "sentenceSpread": 22.8,
      "repeatedStarts": [
        [
          "all rights reserved.",
          3
        ]
      ]
    },
    {
      "file": "/de-at/exhibitions/touch-wien.html",
      "words": 617,
      "score": 1,
      "cliches": {},
      "sentenceAverage": 17.1,
      "sentenceSpread": 21.6,
      "repeatedStarts": [
        [
          "alle rechte vorbehalten.",
          3
        ]
      ]
    },
    {
      "file": "/de-at/exhibitions/theframe.html",
      "words": 613,
      "score": 1,
      "cliches": {},
      "sentenceAverage": 18,
      "sentenceSpread": 22.5,
      "repeatedStarts": [
        [
          "alle rechte vorbehalten.",
          3
        ]
      ]
    },
    {
      "file": "/exhibitions/femmefatale.html",
      "words": 610,
      "score": 1,
      "cliches": {},
      "sentenceAverage": 17.9,
      "sentenceSpread": 22.7,
      "repeatedStarts": [
        [
          "all rights reserved.",
          3
        ]
      ]
    },
    {
      "file": "/exhibitions/fotokiallitas8.html",
      "words": 606,
      "score": 1,
      "cliches": {},
      "sentenceAverage": 17.8,
      "sentenceSpread": 23.3,
      "repeatedStarts": [
        [
          "all rights reserved.",
          3
        ]
      ]
    },
    {
      "file": "/exhibitions/enano.html",
      "words": 605,
      "score": 1,
      "cliches": {},
      "sentenceAverage": 17.7,
      "sentenceSpread": 22.9,
      "repeatedStarts": [
        [
          "all rights reserved.",
          3
        ]
      ]
    },
    {
      "file": "/de-at/exhibitions/teislehetsz.html",
      "words": 602,
      "score": 1,
      "cliches": {},
      "sentenceAverage": 16.7,
      "sentenceSpread": 21.4,
      "repeatedStarts": [
        [
          "alle rechte vorbehalten.",
          3
        ]
      ]
    },
    {
      "file": "/de-at/exhibitions/szosszenetek.html",
      "words": 598,
      "score": 1,
      "cliches": {},
      "sentenceAverage": 16.6,
      "sentenceSpread": 21.3,
      "repeatedStarts": [
        [
          "alle rechte vorbehalten.",
          3
        ]
      ]
    },
    {
      "file": "/de-at/exhibitions/femmefatale.html",
      "words": 594,
      "score": 1,
      "cliches": {},
      "sentenceAverage": 16.9,
      "sentenceSpread": 21.6,
      "repeatedStarts": [
        [
          "alle rechte vorbehalten.",
          3
        ]
      ]
    },
    {
      "file": "/exhibitions/mas-kepp-mas.html",
      "words": 590,
      "score": 1,
      "cliches": {},
      "sentenceAverage": 17.8,
      "sentenceSpread": 23.3,
      "repeatedStarts": [
        [
          "all rights reserved.",
          3
        ]
      ]
    },
    {
      "file": "/de-at/exhibitions/enano.html",
      "words": 589,
      "score": 1,
      "cliches": {},
      "sentenceAverage": 17.3,
      "sentenceSpread": 22.3,
      "repeatedStarts": [
        [
          "alle rechte vorbehalten.",
          3
        ]
      ]
    },
    {
      "file": "/de-at/exhibitions/mas-kepp-mas.html",
      "words": 577,
      "score": 1,
      "cliches": {},
      "sentenceAverage": 17.5,
      "sentenceSpread": 22.7,
      "repeatedStarts": [
        [
          "alle rechte vorbehalten.",
          3
        ]
      ]
    },
    {
      "file": "/de-at/press.html",
      "words": 1011,
      "score": 0.99,
      "cliches": {
        "Mehr-als": 1
      },
      "sentenceAverage": 32.6,
      "sentenceSpread": 56.5,
      "repeatedStarts": []
    },
    {
      "file": "/press.html",
      "words": 1030,
      "score": 0.97,
      "cliches": {
        "more-than": 1
      },
      "sentenceAverage": 33.2,
      "sentenceSpread": 57.4,
      "repeatedStarts": []
    },
    {
      "file": "/de-at/exhibitions/euforia.html",
      "words": 1578,
      "score": 0.63,
      "cliches": {
        "Mehr-als": 1
      },
      "sentenceAverage": 18.2,
      "sentenceSpread": 21.5,
      "repeatedStarts": []
    },
    {
      "file": "/de-at/index.html",
      "words": 1985,
      "score": 0.5,
      "cliches": {
        "Mehr-als": 1
      },
      "sentenceAverage": 23.1,
      "sentenceSpread": 25.1,
      "repeatedStarts": []
    },
    {
      "file": "/de-at/community.html",
      "words": 1102,
      "score": 0,
      "cliches": {},
      "sentenceAverage": 23.4,
      "sentenceSpread": 26.7,
      "repeatedStarts": []
    },
    {
      "file": "/de-at/writing.html",
      "words": 867,
      "score": 0,
      "cliches": {},
      "sentenceAverage": 22.8,
      "sentenceSpread": 26.9,
      "repeatedStarts": []
    },
    {
      "file": "/data/archive/about.hu.html",
      "words": 757,
      "score": 0,
      "cliches": {},
      "sentenceAverage": 14.8,
      "sentenceSpread": 10.2,
      "repeatedStarts": []
    },
    {
      "file": "/de-at/exhibitions/merfoldkovek1956.html",
      "words": 642,
      "score": 0,
      "cliches": {},
      "sentenceAverage": 16.9,
      "sentenceSpread": 22.1,
      "repeatedStarts": []
    },
    {
      "file": "/de-at/exhibitions/fotokiallitas3.html",
      "words": 621,
      "score": 0,
      "cliches": {},
      "sentenceAverage": 17.2,
      "sentenceSpread": 21.8,
      "repeatedStarts": []
    },
    {
      "file": "/de-at/exhibitions/fotokiallitas1.html",
      "words": 618,
      "score": 0,
      "cliches": {},
      "sentenceAverage": 17.1,
      "sentenceSpread": 22,
      "repeatedStarts": []
    },
    {
      "file": "/de-at/exhibitions/fotokiallitas4.html",
      "words": 613,
      "score": 0,
      "cliches": {},
      "sentenceAverage": 17,
      "sentenceSpread": 21.6,
      "repeatedStarts": []
    },
    {
      "file": "/books/book-ebredes.html",
      "words": 612,
      "score": 0,
      "cliches": {},
      "sentenceAverage": 17.8,
      "sentenceSpread": 22.6,
      "repeatedStarts": []
    },
    {
      "file": "/de-at/exhibitions/fotokiallitas2.html",
      "words": 609,
      "score": 0,
      "cliches": {},
      "sentenceAverage": 16.9,
      "sentenceSpread": 21.9,
      "repeatedStarts": []
    },
    {
      "file": "/de-at/exhibitions/balerina-project-new-york.html",
      "words": 605,
      "score": 0,
      "cliches": {},
      "sentenceAverage": 17.3,
      "sentenceSpread": 22,
      "repeatedStarts": []
    },
    {
      "file": "/de-at/exhibitions/fotokiallitas5.html",
      "words": 605,
      "score": 0,
      "cliches": {},
      "sentenceAverage": 17.3,
      "sentenceSpread": 21.8,
      "repeatedStarts": []
    },
    {
      "file": "/de-at/books/book-ebredes.html",
      "words": 589,
      "score": 0,
      "cliches": {},
      "sentenceAverage": 17.2,
      "sentenceSpread": 21.9,
      "repeatedStarts": []
    },
    {
      "file": "/books/book-szosszenetek.html",
      "words": 587,
      "score": 0,
      "cliches": {},
      "sentenceAverage": 18.9,
      "sentenceSpread": 23.7,
      "repeatedStarts": []
    },
    {
      "file": "/de-at/exhibitions/fotokiallitas8.html",
      "words": 585,
      "score": 0,
      "cliches": {},
      "sentenceAverage": 16.7,
      "sentenceSpread": 21.5,
      "repeatedStarts": []
    },
    {
      "file": "/de-at/books/book-szosszenetek.html",
      "words": 572,
      "score": 0,
      "cliches": {},
      "sentenceAverage": 18.4,
      "sentenceSpread": 23.1,
      "repeatedStarts": []
    },
    {
      "file": "/de-at/books/book-anovilaga.html",
      "words": 565,
      "score": 0,
      "cliches": {},
      "sentenceAverage": 18.2,
      "sentenceSpread": 23.6,
      "repeatedStarts": []
    },
    {
      "file": "/404.html",
      "words": 498,
      "score": 0,
      "cliches": {},
      "sentenceAverage": 19.1,
      "sentenceSpread": 26.3,
      "repeatedStarts": []
    },
    {
      "file": "/de-at/404.html",
      "words": 481,
      "score": 0,
      "cliches": {},
      "sentenceAverage": 18.5,
      "sentenceSpread": 25.2,
      "repeatedStarts": []
    },
    {
      "file": "/data/archive/career-chronology.hu.html",
      "words": 253,
      "score": 0,
      "cliches": {},
      "sentenceAverage": 21.1,
      "sentenceSpread": 10.2,
      "repeatedStarts": []
    }
  ]
}

> test:coverage
> node tests/audit-content-coverage.mjs

Inventoried 119 public HTML files.
52 page(s) still need editorial or metadata work; 67 passed this coverage inventory.
- generic-title: 52
